Compiling 655 files (.ex)
Compiling lib/eve_dmv/contexts/battle_analysis/resources/battle_killmail.ex (it's taking more than 10s)
Compiling lib/eve_dmv/contexts/battle_analysis/resources/ship_fitting.ex (it's taking more than 10s)
Compiling lib/eve_dmv/contexts/battle_analysis/resources/combat_log.ex (it's taking more than 10s)
Compiling lib/eve_dmv/contexts/battle_analysis/resources/battle.ex (it's taking more than 10s)
Compiling lib/eve_dmv/analytics/ship_stats.ex (it's taking more than 10s)
Compiling lib/eve_dmv/analytics/player_stats.ex (it's taking more than 10s)
Compiling lib/eve_dmv/eve/solar_system.ex (it's taking more than 10s)
Compiling lib/eve_dmv/eve/item_type.ex (it's taking more than 10s)
Compiling lib/eve_dmv/intelligence/character_stats.ex (it's taking more than 10s)
Compiling lib/eve_dmv/intelligence/system_inhabitant.ex (it's taking more than 10s)
Compiling lib/eve_dmv/intelligence/member_activity_intelligence.ex (it's taking more than 10s)
Compiling lib/eve_dmv/intelligence/home_defense_analytics.ex (it's taking more than 10s)
Compiling lib/eve_dmv/intelligence/chain_topology.ex (it's taking more than 10s)
Compiling lib/eve_dmv/intelligence/chain_connection.ex (it's taking more than 10s)
Compiling lib/eve_dmv/intelligence/wormhole/wh_fleet_composition.ex (it's taking more than 10s)
